// Jest Snapshot v1, https://goo.gl/fbAQLP

exports[`<Header /> renders properly children components 1`] = `ReactWrapper {}`;
